// Jest Snapshot v1, https://goo.gl/fbAQLP

exports[`LoginContainer component Matches the snapshot 1`] = `[Function]`;
