// Jest Snapshot v1, https://goo.gl/fbAQLP

exports[`TrackIts component Matches the snapshot 1`] = `[Function]`;
