// Jest Snapshot v1, https://goo.gl/fbAQLP

exports[`Workouts component Matches the snapshot 1`] = `[Function]`;
