// Jest Snapshot v1, https://goo.gl/fbAQLP

exports[`WorkoutContainer component Matches the snapshot 1`] = `[Function]`;
